> Task :app:checkKotlinGradlePluginConfigurationErrors SKIPPED
> Task :app:preBuild UP-TO-DATE
> Task :app:preDebugBuild UP-TO-DATE
> Task :app:checkDebugAarMetadata UP-TO-DATE
> Task :app:processDebugNavigationResources UP-TO-DATE
> Task :app:compileDebugNavigationResources UP-TO-DATE
> Task :app:generateDebugResValues UP-TO-DATE
> Task :app:mapDebugSourceSetPaths UP-TO-DATE
> Task :app:generateDebugResources UP-TO-DATE
> Task :app:mergeDebugResources UP-TO-DATE
> Task :app:packageDebugResources UP-TO-DATE
> Task :app:parseDebugLocalResources UP-TO-DATE
> Task :app:createDebugCompatibleScreenManifests UP-TO-DATE
> Task :app:extractDeepLinksDebug UP-TO-DATE
> Task :app:processDebugMainManifest UP-TO-DATE
> Task :app:processDebugManifest UP-TO-DATE
> Task :app:processDebugManifestForPackage UP-TO-DATE
> Task :app:processDebugResources UP-TO-DATE
> Task :app:kspDebugKotlin UP-TO-DATE

> Task :app:compileDebugKotlin FAILED
./gradlew : e: file:///C
:/Users/Kyohe/AndroidStu
dioProjects/HealthApp/ap
p/src/main/java/com/exam
ple/kyohei/healthapp/ui/
screens/Marker.kt:79:81 
Cannot access 'val TextC
omponent.tickSizeDp: Flo
at': it is private in 'c
om/patrykandpatrick/vico
/core/component/marker/M
arkerComponent'.
発生場所 行:1 文字:1
+ ./gradlew compileDebug
Kotlin 2>&1 > compile_er
rors.txt
+ ~~~~~~~~~~~~~~~~~~~~~~
~~~~~~~~~~~~~~~~~~~~~~~~
~~~~~~~~
    + CategoryInfo      
        : NotSpecified  
  : (e: file:///C:/U.   
 ..rkerComponent'.:S    
tring) [], RemoteEx    c
eption
    + FullyQualifiedErr 
   orId : NativeComman  
  dError
 
e: file:///C:/Users/Kyoh
e/AndroidStudioProjects/
HealthApp/app/src/main/j
ava/com/example/kyohei/h
ealthapp/ui/screens/Mark
er.kt:98:63 Unresolved r
eference 'Medium'.

FAILURE: Build failed wi
th an exception.

* What went wrong:
Execution failed for tas
k ':app:compileDebugKotl
in'.
> A failure occurred whi
le executing org.jetbrai
ns.kotlin.compilerRunner
.GradleCompilerRunnerWit
hWorkers$GradleKotlinCom
pilerWorkAction
   > Compilation error. 
See log for more details

* Try:
> Run with --stacktrace 
option to get the stack 
trace.
> Run with --info or --d
ebug option to get more 
log output.
> Run with --scan to get
 full insights.
> Get more help at https
://help.gradle.org.

BUILD FAILED in 1s
17 actionable tasks: 1 executed, 16 up-to-date
